// Vitest Snapshot v1, https://vitest.dev/guide/snapshot.html

exports[`Singapore — the trip itself > matches the recorded itinerary 1`] = `
[
  {
    "assumedOpen": [
      "Holland Village",
      "MacRitchie Nature Trail",
    ],
    "day": 1,
    "dropped": [],
    "failures": [],
    "ok": true,
    "repairs": [],
    "timeline": [
      "09:00-10:30 activity: National Orchid Garden",
      "10:30-11:00 transit National Orchid Garden -> Adam Road Food Centre",
      "11:00-11:30 free break",
      "11:30-12:15 lunch: Adam Road Food Centre",
      "12:15-12:50 transit Adam Road Food Centre -> Tiong Hoe Specialty Coffee",
      "12:50-13:30 activity: Tiong Hoe Specialty Coffee",
      "13:30-14:00 transit Tiong Hoe Specialty Coffee -> Holland Village",
      "14:00-14:45 activity: Holland Village",
      "14:45-15:15 transit Holland Village -> Singapore Botanic Gardens",
      "15:15-16:00 activity: Singapore Botanic Gardens",
      "16:00-16:40 transit Singapore Botanic Gardens -> Haw Par Villa",
      "16:40-17:25 activity: Haw Par Villa",
      "17:25-18:00 transit Haw Par Villa -> Ghim Moh Market & Food Centre",
      "18:00-18:45 dinner: Ghim Moh Market & Food Centre",
      "18:45-19:25 transit Ghim Moh Market & Food Centre -> MacRitchie Nature Trail",
      "19:25-21:00 activity: MacRitchie Nature Trail",
    ],
  },
  {
    "assumedOpen": [],
    "day": 2,
    "dropped": [
      "Nylon Coffee — closed during its 09:00–10:10 slot",
    ],
    "failures": [],
    "ok": true,
    "repairs": [
      "Nylon Coffee dropped (closed during its 09:00–10:10 slot)",
    ],
    "timeline": [
      "11:30-12:55 lunch: Bồ Đề Vegetarian - Healthy Veggies Delights",
      "12:55-13:20 walk Bồ Đề Vegetarian - Healthy Veggies Delights -> Zerah Coffee Roasters",
      "13:20-14:05 activity: Zerah Coffee Roasters",
      "14:05-14:40 transit Zerah Coffee Roasters -> Grey Area Coffee Roasters",
      "14:40-15:25 activity: Grey Area Coffee Roasters",
      "15:25-16:00 transit Grey Area Coffee Roasters -> ASK Coffee Roastery Singapore",
      "16:00-16:45 activity: ASK Coffee Roastery Singapore",
      "16:45-17:15 transit ASK Coffee Roastery Singapore -> Tiong Bahru Bakery",
      "17:15-18:00 activity: Tiong Bahru Bakery",
      "18:00-18:35 transit Tiong Bahru Bakery -> Annapoorna (Original Pure vegetarian)",
      "18:35-19:50 dinner: Annapoorna (Original Pure vegetarian)",
      "19:50-20:15 walk Annapoorna (Original Pure vegetarian) -> Chye Seng Huat Hardware",
      "20:15-21:00 activity: Chye Seng Huat Hardware",
    ],
  },
  {
    "assumedOpen": [],
    "day": 3,
    "dropped": [],
    "failures": [],
    "ok": true,
    "repairs": [],
    "timeline": [
      "09:00-10:30 activity: Rifle Range Nature Park",
      "10:30-10:55 walk Rifle Range Nature Park -> Bukit Timah Nature Reserve",
      "10:55-13:55 activity: Bukit Timah Nature Reserve",
      "13:55-14:25 transit Bukit Timah Nature Reserve -> Bukit Batok Nature Park",
      "14:25-17:25 activity: Bukit Batok Nature Park",
    ],
  },
  {
    "assumedOpen": [],
    "day": 4,
    "dropped": [],
    "failures": [],
    "ok": true,
    "repairs": [],
    "timeline": [
      "09:00-10:30 activity: Chestnut Nature Park",
      "10:30-11:05 transit Chestnut Nature Park -> Singapore Zoo",
      "11:05-12:35 activity: Singapore Zoo",
    ],
  },
]
`;
