// Vitest Snapshot v1, https://vitest.dev/guide/snapshot.html

exports[`Singapore — the trip itself > matches the recorded itinerary 1`] = `
[
  {
    "assumedOpen": [
      "Holland Village",
      "MacRitchie Nature Trail",
    ],
    "day": 1,
    "dropped": [],
    "failures": [],
    "ok": true,
    "repairs": [],
    "timeline": [
      "09:00-10:30 activity: National Orchid Garden",
      "10:30-10:57 transit National Orchid Garden -> Adam Road Food Centre",
      "10:57-11:30 free break",
      "11:30-12:17 lunch: Adam Road Food Centre",
      "12:17-12:50 transit Adam Road Food Centre -> Tiong Hoe Specialty Coffee",
      "12:50-13:34 activity: Tiong Hoe Specialty Coffee",
      "13:34-14:03 transit Tiong Hoe Specialty Coffee -> Holland Village",
      "14:03-14:50 activity: Holland Village",
      "14:50-15:19 transit Holland Village -> Singapore Botanic Gardens",
      "15:19-16:06 activity: Singapore Botanic Gardens",
      "16:06-16:42 transit Singapore Botanic Gardens -> Haw Par Villa",
      "16:42-17:29 activity: Haw Par Villa",
      "17:29-18:00 transit Haw Par Villa -> Ghim Moh Market & Food Centre",
      "18:00-18:47 dinner: Ghim Moh Market & Food Centre",
      "18:47-19:27 transit Ghim Moh Market & Food Centre -> MacRitchie Nature Trail",
      "19:27-21:00 activity: MacRitchie Nature Trail",
    ],
  },
  {
    "assumedOpen": [],
    "day": 2,
    "dropped": [
      "Nylon Coffee — closed during its 09:00–10:08 slot",
    ],
    "failures": [],
    "ok": true,
    "repairs": [
      "Nylon Coffee dropped (closed during its 09:00–10:08 slot)",
    ],
    "timeline": [
      "11:30-13:04 lunch: Bồ Đề Vegetarian - Healthy Veggies Delights",
      "13:04-13:28 walk Bồ Đề Vegetarian - Healthy Veggies Delights -> Zerah Coffee Roasters",
      "13:28-14:13 activity: Zerah Coffee Roasters",
      "14:13-14:47 transit Zerah Coffee Roasters -> Grey Area Coffee Roasters",
      "14:47-15:32 activity: Grey Area Coffee Roasters",
      "15:32-16:03 transit Grey Area Coffee Roasters -> ASK Coffee Roastery Singapore",
      "16:03-16:48 activity: ASK Coffee Roastery Singapore",
      "16:48-17:18 transit ASK Coffee Roastery Singapore -> Tiong Bahru Bakery",
      "17:18-18:03 activity: Tiong Bahru Bakery",
      "18:03-18:36 transit Tiong Bahru Bakery -> Annapoorna (Original Pure vegetarian)",
      "18:36-19:51 dinner: Annapoorna (Original Pure vegetarian)",
      "19:51-20:15 walk Annapoorna (Original Pure vegetarian) -> Chye Seng Huat Hardware",
      "20:15-21:00 activity: Chye Seng Huat Hardware",
    ],
  },
  {
    "assumedOpen": [],
    "day": 3,
    "dropped": [],
    "failures": [],
    "ok": true,
    "repairs": [],
    "timeline": [
      "09:00-10:30 activity: Rifle Range Nature Park",
      "10:30-10:53 walk Rifle Range Nature Park -> Bukit Timah Nature Reserve",
      "10:53-13:53 activity: Bukit Timah Nature Reserve",
      "13:53-14:20 transit Bukit Timah Nature Reserve -> Bukit Batok Nature Park",
      "14:20-17:20 activity: Bukit Batok Nature Park",
    ],
  },
  {
    "assumedOpen": [],
    "day": 4,
    "dropped": [],
    "failures": [],
    "ok": true,
    "repairs": [],
    "timeline": [
      "09:00-10:30 activity: Chestnut Nature Park",
      "10:30-11:02 transit Chestnut Nature Park -> Singapore Zoo",
      "11:02-12:32 activity: Singapore Zoo",
    ],
  },
]
`;
