// Vitest Snapshot v1, https://vitest.dev/guide/snapshot.html

exports[`Gate A — the packed trip itself > matches the recorded itinerary 1`] = `
[
  {
    "day": 1,
    "dropped": [],
    "timeline": [
      "09:00-11:00 activity: Kiyomizu-dera",
      "11:00-11:35 transit Kiyomizu-dera -> Menbaka Fire Ramen",
      "11:35-12:50 lunch: Menbaka Fire Ramen",
      "12:50-13:25 transit Menbaka Fire Ramen -> Ginkaku-ji",
      "13:25-14:20 activity: Ginkaku-ji",
      "14:20-14:55 transit Ginkaku-ji -> Weekenders Coffee Tominokoji",
      "14:55-15:40 activity: Weekenders Coffee Tominokoji",
      "15:40-16:10 transit Weekenders Coffee Tominokoji -> Kodai-ji Temple",
      "16:10-16:55 activity: Kodai-ji Temple",
      "16:55-17:20 walk Kodai-ji Temple -> % Arabica Kyoto Higashiyama",
      "17:20-18:05 activity: % Arabica Kyoto Higashiyama",
      "18:05-18:35 transit % Arabica Kyoto Higashiyama -> Kyoto Gyoza Chao Chao",
      "18:35-19:50 dinner: Kyoto Gyoza Chao Chao",
      "19:50-20:15 walk Kyoto Gyoza Chao Chao -> Kennin-ji",
      "20:15-21:00 activity: Kennin-ji",
    ],
  },
  {
    "day": 2,
    "dropped": [],
    "timeline": [
      "09:00-10:10 activity: Okochi Sanso Garden",
      "10:10-10:40 walk Okochi Sanso Garden -> Yoshimura Soba Arashiyama",
      "10:40-11:30 free break",
      "11:30-12:45 lunch: Yoshimura Soba Arashiyama",
      "12:45-13:05 walk Yoshimura Soba Arashiyama -> Tenryu-ji Temple",
      "13:05-14:35 activity: Tenryu-ji Temple",
      "14:35-15:05 walk Tenryu-ji Temple -> Gio-ji Temple",
      "15:05-15:50 activity: Gio-ji Temple",
      "15:50-16:10 walk Gio-ji Temple -> Jojakko-ji Temple",
      "16:10-16:55 activity: Jojakko-ji Temple",
      "16:55-17:25 transit Jojakko-ji Temple -> Togetsukyo Bridge",
      "17:25-18:10 activity: Togetsukyo Bridge",
      "18:10-18:35 walk Togetsukyo Bridge -> Shigetsu Shojin Ryori",
      "18:35-19:50 dinner: Shigetsu Shojin Ryori",
      "19:50-20:15 walk Shigetsu Shojin Ryori -> % Arabica Kyoto Arashiyama",
      "20:15-21:00 activity: % Arabica Kyoto Arashiyama",
    ],
  },
  {
    "day": 3,
    "dropped": [],
    "timeline": [
      "09:00-10:10 activity: Sanjusangendo",
      "10:10-10:40 transit Sanjusangendo -> Fushimi Inari Sando Chaya",
      "10:40-11:30 free break",
      "11:30-12:45 lunch: Fushimi Inari Sando Chaya",
      "12:45-13:15 transit Fushimi Inari Sando Chaya -> Kurasu Kyoto Stand",
      "13:15-14:25 activity: Kurasu Kyoto Stand",
      "14:25-15:00 transit Kurasu Kyoto Stand -> Vermillion Espresso Bar",
      "15:00-16:10 activity: Vermillion Espresso Bar",
      "16:10-16:30 walk Vermillion Espresso Bar -> Fushimi Inari Taisha",
      "16:30-18:35 activity: Fushimi Inari Taisha",
      "18:35-19:00 walk Fushimi Inari Taisha -> Mt. Inari Trail",
      "19:00-21:00 activity: Mt. Inari Trail",
    ],
  },
  {
    "day": 4,
    "dropped": [],
    "timeline": [
      "09:00-10:10 activity: Kinkaku-ji",
      "10:10-10:45 transit Kinkaku-ji -> Nijo Castle",
      "10:45-11:55 activity: Nijo Castle",
      "11:55-12:30 transit Nijo Castle -> Ryoan-ji",
      "12:30-13:40 activity: Ryoan-ji",
      "13:40-14:10 transit Ryoan-ji -> Daitoku-ji",
      "14:10-15:20 activity: Daitoku-ji",
      "15:20-15:50 walk Daitoku-ji -> Sarasa Nishijin",
      "15:50-17:00 activity: Sarasa Nishijin",
      "17:00-17:30 transit Sarasa Nishijin -> Kyoto Imperial Palace",
      "17:30-18:40 activity: Kyoto Imperial Palace",
    ],
  },
  {
    "day": 5,
    "dropped": [],
    "timeline": [
      "09:00-10:10 activity: Fushimi Momoyama Castle",
      "10:10-10:40 transit Fushimi Momoyama Castle -> Torisei Honten",
      "10:40-11:30 free break",
      "11:30-12:45 lunch: Torisei Honten",
      "12:45-13:05 walk Torisei Honten -> Gekkeikan Okura Sake Museum",
      "13:05-15:05 activity: Gekkeikan Okura Sake Museum",
      "15:05-15:25 walk Gekkeikan Okura Sake Museum -> Fushimi Sake District",
      "15:25-16:55 activity: Fushimi Sake District",
      "16:55-17:15 walk Fushimi Sake District -> Kizakura Kappa Country",
      "17:15-18:00 free break",
      "18:00-19:15 dinner: Kizakura Kappa Country",
    ],
  },
]
`;

exports[`Gate A — the shortlist itself > matches the recorded plan 1`] = `
{
  "days": [
    {
      "places": [
        "Kiyomizu-dera",
        "Ginkaku-ji",
        "Weekenders Coffee Tominokoji",
        "Kodai-ji Temple",
        "Kennin-ji",
        "% Arabica Kyoto Higashiyama",
        "Menbaka Fire Ramen",
        "Walden Woods Kyoto",
        "Inoda Coffee Honten",
        "Kyoto Gyoza Chao Chao",
        "Blue Bottle Coffee Kyoto",
        "Cafe Bibliotic Hello",
        "Ramen Sen no Kaze",
        "Vegan Ramen Uzu Kyoto",
        "Kasagiya",
        "Smart Coffee",
        "Mumokuteki Cafe",
        "Kaiten Sushi Musashi",
        "Issen Yoshoku",
      ],
      "score": 0.796,
    },
    {
      "places": [
        "Okochi Sanso Garden",
        "Tenryu-ji Temple",
        "Gio-ji Temple",
        "Jojakko-ji Temple",
        "% Arabica Kyoto Arashiyama",
        "Yoshimura Soba Arashiyama",
        "Shigetsu Shojin Ryori",
        "Sagano Yudofu",
        "Togetsukyo Bridge",
        "Iwatayama Monkey Park",
        "Arashiyama Bamboo Grove",
        "Kameyama Park",
        "Arashiyama Kimono Forest",
      ],
      "score": 0.796,
    },
    {
      "places": [
        "Sanjusangendo",
        "Kurasu Kyoto Stand",
        "Vermillion Espresso Bar",
        "Fushimi Inari Sando Chaya",
        "Fushimi Inari Taisha",
        "Mt. Inari Trail",
      ],
      "score": 0.765,
    },
    {
      "places": [
        "Kinkaku-ji",
        "Nijo Castle",
        "Ryoan-ji",
        "Daitoku-ji",
        "Sarasa Nishijin",
        "Kyoto Imperial Palace",
        "Kamigamo Shrine",
        "Kyoto Botanical Gardens",
        "Funaoka Onsen",
      ],
      "score": 0.759,
    },
    {
      "places": [
        "Torisei Honten",
        "Kizakura Kappa Country",
        "Fushimi Momoyama Castle",
        "Gekkeikan Okura Sake Museum",
        "Fushimi Sake District",
      ],
      "score": 0.637,
    },
  ],
  "stats": {
    "afterClusterCap": 53,
    "afterFilters": 77,
    "afterGlobalCap": 52,
    "retrieved": 86,
  },
}
`;

exports[`Gate A — the validated trip itself > matches the recorded repairs 1`] = `
[
  {
    "assumed": [],
    "day": 1,
    "failures": [],
    "ok": true,
    "repairs": [
      "% Arabica Kyoto Higashiyama dropped (closed during its 17:20–18:05 slot)",
      "Kodai-ji Temple -> Walden Woods Kyoto (closed during its 16:50–18:00 slot)",
      "Kennin-ji dropped (closed during its 19:50–21:00 slot)",
    ],
  },
  {
    "assumed": [
      "Togetsukyo Bridge",
      "Iwatayama Monkey Park",
    ],
    "day": 2,
    "failures": [],
    "ok": true,
    "repairs": [
      "% Arabica Kyoto Arashiyama -> Iwatayama Monkey Park (closed during its 20:15–21:00 slot)",
    ],
  },
  {
    "assumed": [
      "Fushimi Inari Taisha",
      "Mt. Inari Trail",
    ],
    "day": 3,
    "failures": [],
    "ok": true,
    "repairs": [],
  },
  {
    "assumed": [
      "Funaoka Onsen",
    ],
    "day": 4,
    "failures": [
      "no meal seated: nothing in this day's shortlist could hold a meal",
    ],
    "ok": false,
    "repairs": [
      "Kyoto Imperial Palace -> Funaoka Onsen (closed during its 17:30–18:40 slot)",
    ],
  },
  {
    "assumed": [
      "Fushimi Sake District",
    ],
    "day": 5,
    "failures": [],
    "ok": true,
    "repairs": [],
  },
]
`;
